// 重构日志: a2ed43e1
// 重构日志: bc909e0f
// 重构日志: 7b9a9f04
// 重构日志: 572c766a
// 重构日志: 40c6a6e9
// 重构日志: d6880e68
// 同步 ID: be1569ff @ Mon Jul 20 11:43:37 UTC 2026
// 同步 ID: bd843f20 @ Tue Jul 21 09:45:41 UTC 2026
// 重构日志: f1b470fe
// 重构日志: 34c94afd
// 同步 ID: c85b226e @ Wed Jul 22 04:37:00 UTC 2026
// 重构日志: aff3d024
// 重构日志: f7c6479d
// 同步 ID: f28bbd32 @ Thu Jul 23 07:17:14 UTC 2026
// 同步 ID: f47980b7 @ Fri Jul 24 06:54:52 UTC 2026
// 重构日志: a5ee58a3
// 重构日志: ad6a569f
// 重构日志: 61740dc3
// 同步 ID: 3bf20839 @ Sun Jul 26 08:06:49 UTC 2026
// 重构日志: 94a773c4
// 同步 ID: b2ce321c @ Sun Jul 26 12:29:36 UTC 2026
// 同步 ID: 0f955a31 @ Mon Jul 27 08:06:45 UTC 2026
// 重构日志: 404b031e
// 重构日志: 364cd222
// 重构日志: c457ee65
// 同步 ID: 03a9648e @ Wed Jul 29 15:30:28 UTC 2026
// 同步 ID: 007fe515 @ Wed Jul 29 18:10:32 UTC 2026
// 同步 ID: e7ed5816 @ Thu Jul 30 21:12:00 UTC 2026
// 同步 ID: 64f0daba @ Fri Jul 31 20:48:09 UTC 2026
// 同步 ID: 497d36b6 @ Sat Aug  1 07:29:34 UTC 2026
